 
****************************************
check_design summary:
Version:     O-2018.06-SP4
Date:        Thu Dec  3 11:04:36 2020
****************************************

                   Name                                            Total
--------------------------------------------------------------------------------
Inputs/Outputs                                                    120
    Unconnected ports (LINT-28)                                   120

Cells                                                               2
    Cells do not drive (LINT-1)                                     2

Nets                                                                8
    Unloaded nets (LINT-2)                                          8
--------------------------------------------------------------------------------

Warning: In design 'PE', cell 'B_6' does not drive any nets. (LINT-1)
Warning: In design 'control', cell 'C250' does not drive any nets. (LINT-1)
Warning: In design 'top', net 'Rpipe[0]' driven by pin 'pe15/Rpipe[0]' has no loads. (LINT-2)
Warning: In design 'top', net 'Rpipe[1]' driven by pin 'pe15/Rpipe[1]' has no loads. (LINT-2)
Warning: In design 'top', net 'Rpipe[2]' driven by pin 'pe15/Rpipe[2]' has no loads. (LINT-2)
Warning: In design 'top', net 'Rpipe[3]' driven by pin 'pe15/Rpipe[3]' has no loads. (LINT-2)
Warning: In design 'top', net 'Rpipe[4]' driven by pin 'pe15/Rpipe[4]' has no loads. (LINT-2)
Warning: In design 'top', net 'Rpipe[5]' driven by pin 'pe15/Rpipe[5]' has no loads. (LINT-2)
Warning: In design 'top', net 'Rpipe[6]' driven by pin 'pe15/Rpipe[6]' has no loads. (LINT-2)
Warning: In design 'top', net 'Rpipe[7]' driven by pin 'pe15/Rpipe[7]' has no loads. (LINT-2)
Warning: In design 'Comparator', port 'PEout[119]' is not connected to any nets. (LINT-28)
Warning: In design 'Comparator', port 'PEout[118]' is not connected to any nets. (LINT-28)
Warning: In design 'Comparator', port 'PEout[117]' is not connected to any nets. (LINT-28)
Warning: In design 'Comparator', port 'PEout[116]' is not connected to any nets. (LINT-28)
Warning: In design 'Comparator', port 'PEout[115]' is not connected to any nets. (LINT-28)
Warning: In design 'Comparator', port 'PEout[114]' is not connected to any nets. (LINT-28)
Warning: In design 'Comparator', port 'PEout[113]' is not connected to any nets. (LINT-28)
Warning: In design 'Comparator', port 'PEout[112]' is not connected to any nets. (LINT-28)
Warning: In design 'Comparator', port 'PEout[111]' is not connected to any nets. (LINT-28)
Warning: In design 'Comparator', port 'PEout[110]' is not connected to any nets. (LINT-28)
Warning: In design 'Comparator', port 'PEout[109]' is not connected to any nets. (LINT-28)
Warning: In design 'Comparator', port 'PEout[108]' is not connected to any nets. (LINT-28)
Warning: In design 'Comparator', port 'PEout[107]' is not connected to any nets. (LINT-28)
Warning: In design 'Comparator', port 'PEout[106]' is not connected to any nets. (LINT-28)
Warning: In design 'Comparator', port 'PEout[105]' is not connected to any nets. (LINT-28)
Warning: In design 'Comparator', port 'PEout[104]' is not connected to any nets. (LINT-28)
Warning: In design 'Comparator', port 'PEout[103]' is not connected to any nets. (LINT-28)
Warning: In design 'Comparator', port 'PEout[102]' is not connected to any nets. (LINT-28)
Warning: In design 'Comparator', port 'PEout[101]' is not connected to any nets. (LINT-28)
Warning: In design 'Comparator', port 'PEout[100]' is not connected to any nets. (LINT-28)
Warning: In design 'Comparator', port 'PEout[99]' is not connected to any nets. (LINT-28)
Warning: In design 'Comparator', port 'PEout[98]' is not connected to any nets. (LINT-28)
Warning: In design 'Comparator', port 'PEout[97]' is not connected to any nets. (LINT-28)
Warning: In design 'Comparator', port 'PEout[96]' is not connected to any nets. (LINT-28)
Warning: In design 'Comparator', port 'PEout[95]' is not connected to any nets. (LINT-28)
Warning: In design 'Comparator', port 'PEout[94]' is not connected to any nets. (LINT-28)
Warning: In design 'Comparator', port 'PEout[93]' is not connected to any nets. (LINT-28)
Warning: In design 'Comparator', port 'PEout[92]' is not connected to any nets. (LINT-28)
Warning: In design 'Comparator', port 'PEout[91]' is not connected to any nets. (LINT-28)
Warning: In design 'Comparator', port 'PEout[90]' is not connected to any nets. (LINT-28)
Warning: In design 'Comparator', port 'PEout[89]' is not connected to any nets. (LINT-28)
Warning: In design 'Comparator', port 'PEout[88]' is not connected to any nets. (LINT-28)
Warning: In design 'Comparator', port 'PEout[87]' is not connected to any nets. (LINT-28)
Warning: In design 'Comparator', port 'PEout[86]' is not connected to any nets. (LINT-28)
Warning: In design 'Comparator', port 'PEout[85]' is not connected to any nets. (LINT-28)
Warning: In design 'Comparator', port 'PEout[84]' is not connected to any nets. (LINT-28)
Warning: In design 'Comparator', port 'PEout[83]' is not connected to any nets. (LINT-28)
Warning: In design 'Comparator', port 'PEout[82]' is not connected to any nets. (LINT-28)
Warning: In design 'Comparator', port 'PEout[81]' is not connected to any nets. (LINT-28)
Warning: In design 'Comparator', port 'PEout[80]' is not connected to any nets. (LINT-28)
Warning: In design 'Comparator', port 'PEout[79]' is not connected to any nets. (LINT-28)
Warning: In design 'Comparator', port 'PEout[78]' is not connected to any nets. (LINT-28)
Warning: In design 'Comparator', port 'PEout[77]' is not connected to any nets. (LINT-28)
Warning: In design 'Comparator', port 'PEout[76]' is not connected to any nets. (LINT-28)
Warning: In design 'Comparator', port 'PEout[75]' is not connected to any nets. (LINT-28)
Warning: In design 'Comparator', port 'PEout[74]' is not connected to any nets. (LINT-28)
Warning: In design 'Comparator', port 'PEout[73]' is not connected to any nets. (LINT-28)
Warning: In design 'Comparator', port 'PEout[72]' is not connected to any nets. (LINT-28)
Warning: In design 'Comparator', port 'PEout[71]' is not connected to any nets. (LINT-28)
Warning: In design 'Comparator', port 'PEout[70]' is not connected to any nets. (LINT-28)
Warning: In design 'Comparator', port 'PEout[69]' is not connected to any nets. (LINT-28)
Warning: In design 'Comparator', port 'PEout[68]' is not connected to any nets. (LINT-28)
Warning: In design 'Comparator', port 'PEout[67]' is not connected to any nets. (LINT-28)
Warning: In design 'Comparator', port 'PEout[66]' is not connected to any nets. (LINT-28)
Warning: In design 'Comparator', port 'PEout[65]' is not connected to any nets. (LINT-28)
Warning: In design 'Comparator', port 'PEout[64]' is not connected to any nets. (LINT-28)
Warning: In design 'Comparator', port 'PEout[63]' is not connected to any nets. (LINT-28)
Warning: In design 'Comparator', port 'PEout[62]' is not connected to any nets. (LINT-28)
Warning: In design 'Comparator', port 'PEout[61]' is not connected to any nets. (LINT-28)
Warning: In design 'Comparator', port 'PEout[60]' is not connected to any nets. (LINT-28)
Warning: In design 'Comparator', port 'PEout[59]' is not connected to any nets. (LINT-28)
Warning: In design 'Comparator', port 'PEout[58]' is not connected to any nets. (LINT-28)
Warning: In design 'Comparator', port 'PEout[57]' is not connected to any nets. (LINT-28)
Warning: In design 'Comparator', port 'PEout[56]' is not connected to any nets. (LINT-28)
Warning: In design 'Comparator', port 'PEout[55]' is not connected to any nets. (LINT-28)
Warning: In design 'Comparator', port 'PEout[54]' is not connected to any nets. (LINT-28)
Warning: In design 'Comparator', port 'PEout[53]' is not connected to any nets. (LINT-28)
Warning: In design 'Comparator', port 'PEout[52]' is not connected to any nets. (LINT-28)
Warning: In design 'Comparator', port 'PEout[51]' is not connected to any nets. (LINT-28)
Warning: In design 'Comparator', port 'PEout[50]' is not connected to any nets. (LINT-28)
Warning: In design 'Comparator', port 'PEout[49]' is not connected to any nets. (LINT-28)
Warning: In design 'Comparator', port 'PEout[48]' is not connected to any nets. (LINT-28)
Warning: In design 'Comparator', port 'PEout[47]' is not connected to any nets. (LINT-28)
Warning: In design 'Comparator', port 'PEout[46]' is not connected to any nets. (LINT-28)
Warning: In design 'Comparator', port 'PEout[45]' is not connected to any nets. (LINT-28)
Warning: In design 'Comparator', port 'PEout[44]' is not connected to any nets. (LINT-28)
Warning: In design 'Comparator', port 'PEout[43]' is not connected to any nets. (LINT-28)
Warning: In design 'Comparator', port 'PEout[42]' is not connected to any nets. (LINT-28)
Warning: In design 'Comparator', port 'PEout[41]' is not connected to any nets. (LINT-28)
Warning: In design 'Comparator', port 'PEout[40]' is not connected to any nets. (LINT-28)
Warning: In design 'Comparator', port 'PEout[39]' is not connected to any nets. (LINT-28)
Warning: In design 'Comparator', port 'PEout[38]' is not connected to any nets. (LINT-28)
Warning: In design 'Comparator', port 'PEout[37]' is not connected to any nets. (LINT-28)
Warning: In design 'Comparator', port 'PEout[36]' is not connected to any nets. (LINT-28)
Warning: In design 'Comparator', port 'PEout[35]' is not connected to any nets. (LINT-28)
Warning: In design 'Comparator', port 'PEout[34]' is not connected to any nets. (LINT-28)
Warning: In design 'Comparator', port 'PEout[33]' is not connected to any nets. (LINT-28)
Warning: In design 'Comparator', port 'PEout[32]' is not connected to any nets. (LINT-28)
Warning: In design 'Comparator', port 'PEout[31]' is not connected to any nets. (LINT-28)
Warning: In design 'Comparator', port 'PEout[30]' is not connected to any nets. (LINT-28)
Warning: In design 'Comparator', port 'PEout[29]' is not connected to any nets. (LINT-28)
Warning: In design 'Comparator', port 'PEout[28]' is not connected to any nets. (LINT-28)
Warning: In design 'Comparator', port 'PEout[27]' is not connected to any nets. (LINT-28)
Warning: In design 'Comparator', port 'PEout[26]' is not connected to any nets. (LINT-28)
Warning: In design 'Comparator', port 'PEout[25]' is not connected to any nets. (LINT-28)
Warning: In design 'Comparator', port 'PEout[24]' is not connected to any nets. (LINT-28)
Warning: In design 'Comparator', port 'PEout[23]' is not connected to any nets. (LINT-28)
Warning: In design 'Comparator', port 'PEout[22]' is not connected to any nets. (LINT-28)
Warning: In design 'Comparator', port 'PEout[21]' is not connected to any nets. (LINT-28)
Warning: In design 'Comparator', port 'PEout[20]' is not connected to any nets. (LINT-28)
Warning: In design 'Comparator', port 'PEout[19]' is not connected to any nets. (LINT-28)
Warning: In design 'Comparator', port 'PEout[18]' is not connected to any nets. (LINT-28)
Warning: In design 'Comparator', port 'PEout[17]' is not connected to any nets. (LINT-28)
Warning: In design 'Comparator', port 'PEout[16]' is not connected to any nets. (LINT-28)
Warning: In design 'Comparator', port 'PEout[15]' is not connected to any nets. (LINT-28)
Warning: In design 'Comparator', port 'PEout[14]' is not connected to any nets. (LINT-28)
Warning: In design 'Comparator', port 'PEout[13]' is not connected to any nets. (LINT-28)
Warning: In design 'Comparator', port 'PEout[12]' is not connected to any nets. (LINT-28)
Warning: In design 'Comparator', port 'PEout[11]' is not connected to any nets. (LINT-28)
Warning: In design 'Comparator', port 'PEout[10]' is not connected to any nets. (LINT-28)
Warning: In design 'Comparator', port 'PEout[9]' is not connected to any nets. (LINT-28)
Warning: In design 'Comparator', port 'PEout[8]' is not connected to any nets. (LINT-28)
Warning: In design 'Comparator', port 'PEout[7]' is not connected to any nets. (LINT-28)
Warning: In design 'Comparator', port 'PEout[6]' is not connected to any nets. (LINT-28)
Warning: In design 'Comparator', port 'PEout[5]' is not connected to any nets. (LINT-28)
Warning: In design 'Comparator', port 'PEout[4]' is not connected to any nets. (LINT-28)
Warning: In design 'Comparator', port 'PEout[3]' is not connected to any nets. (LINT-28)
Warning: In design 'Comparator', port 'PEout[2]' is not connected to any nets. (LINT-28)
Warning: In design 'Comparator', port 'PEout[1]' is not connected to any nets. (LINT-28)
Warning: In design 'Comparator', port 'PEout[0]' is not connected to any nets. (LINT-28)
1
